// Jest Snapshot v1, https://goo.gl/fbAQLP

exports[`ListItem renders correctly 1`] = `
<View
  accessibilityComponentType={undefined}
  accessibilityLabel={undefined}
  accessibilityTraits={undefined}
  accessible={true}
  hasTVPreferredFocus={undefined}
  hitSlop={undefined}
  isTVSelectable={true}
  nativeID={undefined}
  onLayout={undefined}
  onResponderGrant={[Function]}
  onResponderMove={[Function]}
  onResponderRelease={[Function]}
  onResponderTerminate={[Function]}
  onResponderTerminationRequest={[Function]}
  onStartShouldSetResponder={[Function]}
  style={
    Object {
      "borderColor": "#FFF",
      "borderRadius": 5,
    }
  }
  testID={undefined}
  tvParallaxProperties={undefined}
>
  <View
    style={
      Array [
        Object {
          "backgroundColor": "#FFF",
          "padding": 10,
        },
        Object {
          "borderColor": "#FFF",
          "borderRadius": 5,
        },
        false,
      ]
    }
  >
    <View
      style={
        Array [
          Object {
            "alignItems": "center",
            "flexDirection": "column",
            "justifyContent": "center",
            "overflow": "hidden",
          },
          Object {
            "marginBottom": 10,
          },
        ]
      }
    >
      <Image
        source={
          Object {
            "testUri": "../../../src/images/No_Image_Available.png",
          }
        }
        style={
          Object {
            "height": 160,
            "width": 160,
          }
        }
      />
    </View>
    <View
      style={
        Array [
          Object {
            "alignItems": "center",
            "flexDirection": "row",
            "flexWrap": "nowrap",
            "justifyContent": "flex-start",
          },
          false,
        ]
      }
    >
      <View
        accessibilityComponentType={undefined}
        accessibilityLabel={undefined}
        accessibilityTraits={undefined}
        accessible={true}
        hasTVPreferredFocus={undefined}
        hitSlop={undefined}
        isTVSelectable={true}
        nativeID={undefined}
        onLayout={undefined}
        onResponderGrant={[Function]}
        onResponderMove={[Function]}
        onResponderRelease={[Function]}
        onResponderTerminate={[Function]}
        onResponderTerminationRequest={[Function]}
        onStartShouldSetResponder={[Function]}
        style={
          Object {
            "marginRight": 10,
          }
        }
        testID={undefined}
        tvParallaxProperties={undefined}
      >
        <Image
          source={
            Object {
              "testUri": "../../../src/images/unmarked_favorite.png",
            }
          }
          style={
            Object {
              "height": 24,
              "width": 24,
            }
          }
        />
      </View>
      <Text
        accessible={true}
        allowFontScaling={true}
        ellipsizeMode="tail"
        style={
          Object {
            "flex": 1,
          }
        }
      >
        title1
      </Text>
    </View>
  </View>
</View>
`;
